Archive member included to satisfy reference by file (symbol)

d:/stm32cubeide_1.7.0/stm32cubeide/plugins/com.st.stm32cube.ide.mcu.externaltools.gnu-tools-for-stm32.9-2020-q2-update.win32_2.0.0.202105311346/tools/bin/../lib/gcc/arm-none-eabi/9.3.1/../../../../arm-none-eabi/lib/thumb/v7-m/nofp\libc_nano.a(lib_a-errno.o)
                              ./Core/Src/syscalls.o (__errno)
d:/stm32cubeide_1.7.0/stm32cubeide/plugins/com.st.stm32cube.ide.mcu.externaltools.gnu-tools-for-stm32.9-2020-q2-update.win32_2.0.0.202105311346/tools/bin/../lib/gcc/arm-none-eabi/9.3.1/../../../../arm-none-eabi/lib/thumb/v7-m/nofp\libc_nano.a(lib_a-exit.o)
                              d:/stm32cubeide_1.7.0/stm32cubeide/plugins/com.st.stm32cube.ide.mcu.externaltools.gnu-tools-for-stm32.9-2020-q2-update.win32_2.0.0.202105311346/tools/bin/../lib/gcc/arm-none-eabi/9.3.1/../../../../arm-none-eabi/lib/thumb/v7-m/nofp/crt0.o (exit)
d:/stm32cubeide_1.7.0/stm32cubeide/plugins/com.st.stm32cube.ide.mcu.externaltools.gnu-tools-for-stm32.9-2020-q2-update.win32_2.0.0.202105311346/tools/bin/../lib/gcc/arm-none-eabi/9.3.1/../../../../arm-none-eabi/lib/thumb/v7-m/nofp\libc_nano.a(lib_a-impure.o)
                              d:/stm32cubeide_1.7.0/stm32cubeide/plugins/com.st.stm32cube.ide.mcu.externaltools.gnu-tools-for-stm32.9-2020-q2-update.win32_2.0.0.202105311346/tools/bin/../lib/gcc/arm-none-eabi/9.3.1/../../../../arm-none-eabi/lib/thumb/v7-m/nofp\libc_nano.a(lib_a-exit.o) (_global_impure_ptr)
d:/stm32cubeide_1.7.0/stm32cubeide/plugins/com.st.stm32cube.ide.mcu.externaltools.gnu-tools-for-stm32.9-2020-q2-update.win32_2.0.0.202105311346/tools/bin/../lib/gcc/arm-none-eabi/9.3.1/../../../../arm-none-eabi/lib/thumb/v7-m/nofp\libc_nano.a(lib_a-init.o)
                              d:/stm32cubeide_1.7.0/stm32cubeide/plugins/com.st.stm32cube.ide.mcu.externaltools.gnu-tools-for-stm32.9-2020-q2-update.win32_2.0.0.202105311346/tools/bin/../lib/gcc/arm-none-eabi/9.3.1/../../../../arm-none-eabi/lib/thumb/v7-m/nofp/crt0.o (__libc_init_array)
d:/stm32cubeide_1.7.0/stm32cubeide/plugins/com.st.stm32cube.ide.mcu.externaltools.gnu-tools-for-stm32.9-2020-q2-update.win32_2.0.0.202105311346/tools/bin/../lib/gcc/arm-none-eabi/9.3.1/../../../../arm-none-eabi/lib/thumb/v7-m/nofp\libc_nano.a(lib_a-memset.o)
                              d:/stm32cubeide_1.7.0/stm32cubeide/plugins/com.st.stm32cube.ide.mcu.externaltools.gnu-tools-for-stm32.9-2020-q2-update.win32_2.0.0.202105311346/tools/bin/../lib/gcc/arm-none-eabi/9.3.1/../../../../arm-none-eabi/lib/thumb/v7-m/nofp/crt0.o (memset)

Allocating common symbols
Common symbol       size              file

uwTick              0x4               ./Drivers/STM32F1xx_HAL_Driver/Src/stm32f1xx_hal.o
pFlash              0x20              ./Drivers/STM32F1xx_HAL_Driver/Src/stm32f1xx_hal_flash.o

Discarded input sections

 .text          0x0000000000000000        0x0 d:/stm32cubeide_1.7.0/stm32cubeide/plugins/com.st.stm32cube.ide.mcu.externaltools.gnu-tools-for-stm32.9-2020-q2-update.win32_2.0.0.202105311346/tools/bin/../lib/gcc/arm-none-eabi/9.3.1/thumb/v7-m/nofp/crti.o
 .data          0x0000000000000000        0x0 d:/stm32cubeide_1.7.0/stm32cubeide/plugins/com.st.stm32cube.ide.mcu.externaltools.gnu-tools-for-stm32.9-2020-q2-update.win32_2.0.0.202105311346/tools/bin/../lib/gcc/arm-none-eabi/9.3.1/thumb/v7-m/nofp/crti.o
 .bss           0x0000000000000000        0x0 d:/stm32cubeide_1.7.0/stm32cubeide/plugins/com.st.stm32cube.ide.mcu.externaltools.gnu-tools-for-stm32.9-2020-q2-update.win32_2.0.0.202105311346/tools/bin/../lib/gcc/arm-none-eabi/9.3.1/thumb/v7-m/nofp/crti.o
 .data          0x0000000000000000        0x4 d:/stm32cubeide_1.7.0/stm32cubeide/plugins/com.st.stm32cube.ide.mcu.externaltools.gnu-tools-for-stm32.9-2020-q2-update.win32_2.0.0.202105311346/tools/bin/../lib/gcc/arm-none-eabi/9.3.1/thumb/v7-m/nofp/crtbegin.o
 .text          0x0000000000000000       0x7c d:/stm32cubeide_1.7.0/stm32cubeide/plugins/com.st.stm32cube.ide.mcu.externaltools.gnu-tools-for-stm32.9-2020-q2-update.win32_2.0.0.202105311346/tools/bin/../lib/gcc/arm-none-eabi/9.3.1/../../../../arm-none-eabi/lib/thumb/v7-m/nofp/crt0.o
 .data          0x0000000000000000        0x0 d:/stm32cubeide_1.7.0/stm32cubeide/plugins/com.st.stm32cube.ide.mcu.externaltools.gnu-tools-for-stm32.9-2020-q2-update.win32_2.0.0.202105311346/tools/bin/../lib/gcc/arm-none-eabi/9.3.1/../../../../arm-none-eabi/lib/thumb/v7-m/nofp/crt0.o
 .bss           0x0000000000000000        0x0 d:/stm32cubeide_1.7.0/stm32cubeide/plugins/com.st.stm32cube.ide.mcu.externaltools.gnu-tools-for-stm32.9-2020-q2-update.win32_2.0.0.202105311346/tools/bin/../lib/gcc/arm-none-eabi/9.3.1/../../../../arm-none-eabi/lib/thumb/v7-m/nofp/crt0.o
[...]
Memory Configuration

Name             Origin             Length             Attributes
RAM              0x0000000020000000 0x0000000000002800 xrw
FLASH            0x0000000008000000 0x0000000000008000 xr
*default*        0x0000000000000000 0xffffffffffffffff

Linker script and memory map

LOAD d:/stm32cubeide_1.7.0/stm32cubeide/plugins/com.st.stm32cube.ide.mcu.externaltools.gnu-tools-for-stm32.9-2020-q2-update.win32_2.0.0.202105311346/tools/bin/../lib/gcc/arm-none-eabi/9.3.1/thumb/v7-m/nofp/crti.o
LOAD d:/stm32cubeide_1.7.0/stm32cubeide/plugins/com.st.stm32cube.ide.mcu.externaltools.gnu-tools-for-stm32.9-2020-q2-update.win32_2.0.0.202105311346/tools/bin/../lib/gcc/arm-none-eabi/9.3.1/thumb/v7-m/nofp/crtbegin.o
LOAD d:/stm32cubeide_1.7.0/stm32cubeide/plugins/com.st.stm32cube.ide.mcu.externaltools.gnu-tools-for-stm32.9-2020-q2-update.win32_2.0.0.202105311346/tools/bin/../lib/gcc/arm-none-eabi/9.3.1/../../../../arm-none-eabi/lib/thumb/v7-m/nofp/crt0.o
LOAD ./Core/Src/exercise3.o
LOAD ./Core/Src/main.o
LOAD ./Core/Src/stm32f1xx_hal_msp.o
LOAD ./Core/Src/stm32f1xx_it.o
LOAD ./Core/Src/syscalls.o
LOAD ./Core/Src/sysmem.o
LOAD ./Core/Src/system_stm32f1xx.o
LOAD ./Core/Startup/startup_stm32f103c6tx.o
LOAD ./Drivers/STM32F1xx_HAL_Driver/Src/stm32f1xx_hal.o
LOAD ./Drivers/STM32F1xx_HAL_Driver/Src/stm32f1xx_hal_cortex.o
LOAD ./Drivers/STM32F1xx_HAL_Driver/Src/stm32f1xx_hal_dma.o
LOAD ./Drivers/STM32F1xx_HAL_Driver/Src/stm32f1xx_hal_exti.o
LOAD ./Drivers/STM32F1xx_HAL_Driver/Src/stm32f1xx_hal_flash.o
LOAD ./Drivers/STM32F1xx_HAL_Driver/Src/stm32f1xx_hal_flash_ex.o
LOAD ./Drivers/STM32F1xx_HAL_Driver/Src/stm32f1xx_hal_gpio.o
LOAD ./Drivers/STM32F1xx_HAL_Driver/Src/stm32f1xx_hal_gpio_ex.o
LOAD ./Drivers/STM32F1xx_HAL_Driver/Src/stm32f1xx_hal_pwr.o
LOAD ./Drivers/STM32F1xx_HAL_Driver/Src/stm32f1xx_hal_rcc.o
LOAD ./Drivers/STM32F1xx_HAL_Driver/Src/stm32f1xx_hal_rcc_ex.o
LOAD ./Drivers/STM32F1xx_HAL_Driver/Src/stm32f1xx_hal_tim.o
LOAD ./Drivers/STM32F1xx_HAL_Driver/Src/stm32f1xx_hal_tim_ex.o
START GROUP
LOAD d:/stm32cubeide_1.7.0/stm32cubeide/plugins/com.st.stm32cube.ide.mcu.externaltools.gnu-tools-for-stm32.9-2020-q2-update.win32_2.0.0.202105311346/tools/bin/../lib/gcc/arm-none-eabi/9.3.1/../../../../arm-none-eabi/lib/thumb/v7-m/nofp\libc_nano.a
LOAD d:/stm32cubeide_1.7.0/stm32cubeide/plugins/com.st.stm32cube.ide.mcu.externaltools.gnu-tools-for-stm32.9-2020-q2-update.win32_2.0.0.202105311346/tools/bin/../lib/gcc/arm-none-eabi/9.3.1/../../../../arm-none-eabi/lib/thumb/v7-m/nofp\libm.a
END GROUP
START GROUP
LOAD d:/stm32cubeide_1.7.0/stm32cubeide/plugins/com.st.stm32cube.ide.mcu.externaltools.gnu-tools-for-stm32.9-2020-q2-update.win32_2.0.0.202105311346/tools/bin/../lib/gcc/arm-none-eabi/9.3.1/thumb/v7-m/nofp\libgcc.a
LOAD d:/stm32cubeide_1.7.0/stm32cubeide/plugins/com.st.stm32cube.ide.mcu.externaltools.gnu-tools-for-stm32.9-2020-q2-update.win32_2.0.0.202105311346/tools/bin/../lib/gcc/arm-none-eabi/9.3.1/../../../../arm-none-eabi/lib/thumb/v7-m/nofp\libc_nano.a
END GROUP
START GROUP
LOAD d:/stm32cubeide_1.7.0/stm32cubeide/plugins/com.st.stm32cube.ide.mcu.externaltools.gnu-tools-for-stm32.9-2020-q2-update.win32_2.0.0.202105311346/tools/bin/../lib/gcc/arm-none-eabi/9.3.1/thumb/v7-m/nofp\libgcc.a
LOAD d:/stm32cubeide_1.7.0/stm32cubeide/plugins/com.st.stm32cube.ide.mcu.externaltools.gnu-tools-for-stm32.9-2020-q2-update.win32_2.0.0.202105311346/tools/bin/../lib/gcc/arm-none-eabi/9.3.1/../../../../arm-none-eabi/lib/thumb/v7-m/nofp\libc_nano.a
LOAD d:/stm32cubeide_1.7.0/stm32cubeide/plugins/com.st.stm32cube.ide.mcu.externaltools.gnu-tools-for-stm32.9-2020-q2-update.win32_2.0.0.202105311346/tools/bin/../lib/gcc/arm-none-eabi/9.3.1/../../../../arm-none-eabi/lib/thumb/v7-m/nofp\libnosys.a
END GROUP
START GROUP
LOAD d:/stm32cubeide_1.7.0/stm32cubeide/plugins/com.st.stm32cube.ide.mcu.externaltools.gnu-tools-for-stm32.9-2020-q2-update.win32_2.0.0.202105311346/tools/bin/../lib/gcc/arm-none-eabi/9.3.1/thumb/v7-m/nofp\libgcc.a
LOAD d:/stm32cubeide_1.7.0/stm32cubeide/plugins/com.st.stm32cube.ide.mcu.externaltools.gnu-tools-for-stm32.9-2020-q2-update.win32_2.0.0.202105311346/tools/bin/../lib/gcc/arm-none-eabi/9.3.1/../../../../arm-none-eabi/lib/thumb/v7-m/nofp\libc_nano.a
LOAD d:/stm32cubeide_1.7.0/stm32cubeide/plugins/com.st.stm32cube.ide.mcu.externaltools.gnu-tools-for-stm32.9-2020-q2-update.win32_2.0.0.202105311346/tools/bin/../lib/gcc/arm-none-eabi/9.3.1/../../../../arm-none-eabi/lib/thumb/v7-m/nofp\libnosys.a
END GROUP
LOAD d:/stm32cubeide_1.7.0/stm32cubeide/plugins/com.st.stm32cube.ide.mcu.externaltools.gnu-tools-for-stm32.9-2020-q2-update.win32_2.0.0.202105311346/tools/bin/../lib/gcc/arm-none-eabi/9.3.1/thumb/v7-m/nofp/crtend.o
LOAD d:/stm32cubeide_1.7.0/stm32cubeide/plugins/com.st.stm32cube.ide.mcu.externaltools.gnu-tools-for-stm32.9-2020-q2-update.win32_2.0.0.202105311346/tools/bin/../lib/gcc/arm-none-eabi/9.3.1/thumb/v7-m/nofp/crtn.o
                0x0000000020002800                _estack = (ORIGIN (RAM) + LENGTH (RAM))
                0x0000000000000200                _Min_Heap_Size = 0x200
                0x0000000000000400                _Min_Stack_Size = 0x400

.isr_vector     0x0000000008000000      0x10c
                0x0000000008000000                . = ALIGN (0x4)
 *(.isr_vector)
 .isr_vector    0x0000000008000000      0x10c ./Core/Startup/startup_stm32f103c6tx.o
                0x0000000008000000                g_pfnVectors
                0x000000000800010c                . = ALIGN (0x4)

.text           0x000000000800010c     0x12f8
                0x000000000800010c                . = ALIGN (0x4)
 *(.text)
 .text          0x000000000800010c       0x40 d:/stm32cubeide_1.7.0/stm32cubeide/plugins/com.st.stm32cube.ide.mcu.externaltools.gnu-tools-for-stm32.9-2020-q2-update.win32_2.0.0.202105311346/tools/bin/../lib/gcc/arm-none-eabi/9.3.1/thumb/v7-m/nofp/crtbegin.o
 *(.text*)
 .text.led1     0x000000000800014c       0x2c ./Core/Src/exercise3.o
                0x000000000800014c                led1
 .text.led2     0x0000000008000178       0x2c ./Core/Src/exercise3.o
                0x0000000008000178                led2
 .text.led3     0x00000000080001a4       0x2c ./Core/Src/exercise3.o
                0x00000000080001a4                led3
 .text.led4     0x00000000080001d0       0x2c ./Core/Src/exercise3.o
                0x00000000080001d0                led4
 .text.led5     0x00000000080001fc       0x2c ./Core/Src/exercise3.o
                0x00000000080001fc                led5
 .text.led6     0x0000000008000228       0x2c ./Core/Src/exercise3.o
                0x0000000008000228                led6
 .text.exercise3_run
                0x0000000008000254      0x138 ./Core/Src/exercise3.o
                0x0000000008000254                exercise3_run
 .text.main     0x000000000800038c       0x1e ./Core/Src/main.o
                0x000000000800038c                main
 .text.SystemClock_Config
                0x00000000080003aa       0x76 ./Core/Src/main.o
                0x00000000080003aa                SystemClock_Config
 .text.MX_GPIO_Init
                0x0000000008000420       0xac ./Core/Src/main.o
 .text.Error_Handler
                0x00000000080004cc        0xa ./Core/Src/main.o
                0x00000000080004cc                Error_Handler
 *fill*         0x00000000080004d6        0x2 
 .text.HAL_MspInit
                0x00000000080004d8       0x64 ./Core/Src/stm32f1xx_hal_msp.o
                0x00000000080004d8                HAL_MspInit
 .text.NMI_Handler
                0x000000000800053c        0x6 ./Core/Src/stm32f1xx_it.o
                0x000000000800053c                NMI_Handler
 .text.HardFault_Handler
                0x0000000008000542        0x6 ./Core/Src/stm32f1xx_it.o
                0x0000000008000542                HardFault_Handler
 .text.MemManage_Handler
                0x0000000008000548        0x6 ./Core/Src/stm32f1xx_it.o
                0x0000000008000548                MemManage_Handler
 .text.BusFault_Handler
                0x000000000800054e        0x6 ./Core/Src/stm32f1xx_it.o
                0x000000000800054e                BusFault_Handler
 .text.UsageFault_Handler
                0x0000000008000554        0x6 ./Core/Src/stm32f1xx_it.o
                0x0000000008000554                UsageFault_Handler
 .text.SVC_Handler
                0x000000000800055a        0xc ./Core/Src/stm32f1xx_it.o
                0x000000000800055a                SVC_Handler
 .text.DebugMon_Handler
                0x0000000008000566        0xc ./Core/Src/stm32f1xx_it.o
                0x0000000008000566                DebugMon_Handler
 .text.PendSV_Handler
                0x0000000008000572        0xc ./Core/Src/stm32f1xx_it.o
                0x0000000008000572                PendSV_Handler
 .text.SysTick_Handler
                0x000000000800057e        0xc ./Core/Src/stm32f1xx_it.o
                0x000000000800057e                SysTick_Handler
 .text.SystemInit
                0x000000000800058a        0xc ./Core/Src/system_stm32f1xx.o
                0x000000000800058a                SystemInit
 *fill*         0x0000000008000596        0x2 
 .text.Reset_Handler
                0x0000000008000598       0x48 ./Core/Startup/startup_stm32f103c6tx.o
                0x0000000008000598                Reset_Handler
 .text.Default_Handler
                0x00000000080005e0        0x2 ./Core/Startup/startup_stm32f103c6tx.o
                0x00000000080005e0                RTC_Alarm_IRQHandler
                0x00000000080005e0                EXTI2_IRQHandler
                0x00000000080005e0                TIM1_CC_IRQHandler
                0x00000000080005e0                PVD_IRQHandler
                0x00000000080005e0                EXTI3_IRQHandler
                0x00000000080005e0                EXTI0_IRQHandler
                0x00000000080005e0                ADC1_2_IRQHandler
                0x00000000080005e0                SPI1_IRQHandler
                0x00000000080005e0                TAMPER_IRQHandler
                0x00000000080005e0                DMA1_Channel4_IRQHandler
                0x00000000080005e0                RTC_IRQHandler
                0x00000000080005e0                DMA1_Channel7_IRQHandler
                0x00000000080005e0                CAN1_RX1_IRQHandler
                0x00000000080005e0                I2C1_EV_IRQHandler
                0x00000000080005e0                DMA1_Channel6_IRQHandler
                0x00000000080005e0                TIM3_IRQHandler
                0x00000000080005e0                RCC_IRQHandler
                0x00000000080005e0                TIM1_TRG_COM_IRQHandler
                0x00000000080005e0                DMA1_Channel1_IRQHandler
                0x00000000080005e0                Default_Handler
                0x00000000080005e0                EXTI15_10_IRQHandler
                0x00000000080005e0                EXTI9_5_IRQHandler
                0x00000000080005e0                DMA1_Channel5_IRQHandler
                0x00000000080005e0                EXTI4_IRQHandler
                0x00000000080005e0                USB_LP_CAN1_RX0_IRQHandler
                0x00000000080005e0                USB_HP_CAN1_TX_IRQHandler
                0x00000000080005e0                DMA1_Channel3_IRQHandler
                0x00000000080005e0                TIM1_UP_IRQHandler
                0x00000000080005e0                WWDG_IRQHandler
                0x00000000080005e0                TIM2_IRQHandler
                0x00000000080005e0                TIM1_BRK_IRQHandler
                0x00000000080005e0                EXTI1_IRQHandler
                0x00000000080005e0                USART2_IRQHandler
                0x00000000080005e0                DMA1_Channel2_IRQHandler
                0x00000000080005e0                CAN1_SCE_IRQHandler
                0x00000000080005e0                FLASH_IRQHandler
                0x00000000080005e0                USART1_IRQHandler
                0x00000000080005e0                I2C1_ER_IRQHandler
                0x00000000080005e0                USBWakeUp_IRQHandler
 *fill*         0x00000000080005e2        0x2 
 .text.HAL_Init
                0x00000000080005e4       0x2c ./Drivers/STM32F1xx_HAL_Driver/Src/stm32f1xx_hal.o
                0x00000000080005e4                HAL_Init
 .text.HAL_InitTick
                0x0000000008000610       0x60 ./Drivers/STM32F1xx_HAL_Driver/Src/stm32f1xx_hal.o
                0x0000000008000610                HAL_InitTick
 .text.HAL_IncTick
                0x0000000008000670       0x24 ./Drivers/STM32F1xx_HAL_Driver/Src/stm32f1xx_hal.o
                0x0000000008000670                HAL_IncTick
 .text.HAL_GetTick
                0x0000000008000694       0x14 ./Drivers/STM32F1xx_HAL_Driver/Src/stm32f1xx_hal.o
                0x0000000008000694                HAL_GetTick
 .text.HAL_Delay
                0x00000000080006a8       0x48 ./Drivers/STM32F1xx_HAL_Driver/Src/stm32f1xx_hal.o
                0x00000000080006a8                HAL_Delay
 .text.__NVIC_SetPriorityGrouping
                0x00000000080006f0       0x48 ./Drivers/STM32F1xx_HAL_Driver/Src/stm32f1xx_hal_cortex.o
 .text.__NVIC_GetPriorityGrouping
                0x0000000008000738       0x1c ./Drivers/STM32F1xx_HAL_Driver/Src/stm32f1xx_hal_cortex.o
 .text.__NVIC_SetPriority
                0x0000000008000754       0x54 ./Drivers/STM32F1xx_HAL_Driver/Src/stm32f1xx_hal_cortex.o
 .text.NVIC_EncodePriority
                0x00000000080007a8       0x64 ./Drivers/STM32F1xx_HAL_Driver/Src/stm32f1xx_hal_cortex.o
 .text.SysTick_Config
                0x000000000800080c       0x44 ./Drivers/STM32F1xx_HAL_Driver/Src/stm32f1xx_hal_cortex.o
 .text.HAL_NVIC_SetPriorityGrouping
                0x0000000008000850       0x16 ./Drivers/STM32F1xx_HAL_Driver/Src/stm32f1xx_hal_cortex.o
                0x0000000008000850                HAL_NVIC_SetPriorityGrouping
 .text.HAL_NVIC_SetPriority
                0x0000000008000866       0x38 ./Drivers/STM32F1xx_HAL_Driver/Src/stm32f1xx_hal_cortex.o
                0x0000000008000866                HAL_NVIC_SetPriority
 .text.HAL_SYSTICK_Config
                0x000000000800089e       0x18 ./Drivers/STM32F1xx_HAL_Driver/Src/stm32f1xx_hal_cortex.o
                0x000000000800089e                HAL_SYSTICK_Config
 *fill*         0x00000000080008b6        0x2 
 .text.HAL_GPIO_Init
                0x00000000080008b8      0x2f4 ./Drivers/STM32F1xx_HAL_Driver/Src/stm32f1xx_hal_gpio.o
                0x00000000080008b8                HAL_GPIO_Init
 .text.HAL_GPIO_WritePin
                0x0000000008000bac       0x30 ./Drivers/STM32F1xx_HAL_Driver/Src/stm32f1xx_hal_gpio.o
                0x0000000008000bac                HAL_GPIO_WritePin
 .text.HAL_RCC_OscConfig
                0x0000000008000bdc      0x500 ./Drivers/STM32F1xx_HAL_Driver/Src/stm32f1xx_hal_rcc.o
                0x0000000008000bdc                HAL_RCC_OscConfig
 .text.HAL_RCC_ClockConfig
                0x00000000080010dc      0x1d4 ./Drivers/STM32F1xx_HAL_Driver/Src/stm32f1xx_hal_rcc.o
                0x00000000080010dc                HAL_RCC_ClockConfig
 .text.HAL_RCC_GetSysClockFreq
                0x00000000080012b0       0xa8 ./Drivers/STM32F1xx_HAL_Driver/Src/stm32f1xx_hal_rcc.o
                0x00000000080012b0                HAL_RCC_GetSysClockFreq
 .text.RCC_Delay
                0x0000000008001358       0x3c ./Drivers/STM32F1xx_HAL_Driver/Src/stm32f1xx_hal_rcc.o
 .text.__libc_init_array
                0x0000000008001394       0x48 d:/stm32cubeide_1.7.0/stm32cubeide/plugins/com.st.stm32cube.ide.mcu.externaltools.gnu-tools-for-stm32.9-2020-q2-update.win32_2.0.0.202105311346/tools/bin/../lib/gcc/arm-none-eabi/9.3.1/../../../../arm-none-eabi/lib/thumb/v7-m/nofp\libc_nano.a(lib_a-init.o)
                0x0000000008001394                __libc_init_array
 .text.memset   0x00000000080013dc       0x10 d:/stm32cubeide_1.7.0/stm32cubeide/plugins/com.st.stm32cube.ide.mcu.externaltools.gnu-tools-for-stm32.9-2020-q2-update.win32_2.0.0.202105311346/tools/bin/../lib/gcc/arm-none-eabi/9.3.1/../../../../arm-none-eabi/lib/thumb/v7-m/nofp\libc_nano.a(lib_a-memset.o)
                0x00000000080013dc                memset
 *(.glue_7)
 .glue_7        0x00000000080013ec        0x0 linker stubs
 *(.glue_7t)
 .glue_7t       0x00000000080013ec        0x0 linker stubs
 *(.eh_frame)
 .eh_frame      0x00000000080013ec        0x0 d:/stm32cubeide_1.7.0/stm32cubeide/plugins/com.st.stm32cube.ide.mcu.externaltools.gnu-tools-for-stm32.9-2020-q2-update.win32_2.0.0.202105311346/tools/bin/../lib/gcc/arm-none-eabi/9.3.1/thumb/v7-m/nofp/crtbegin.o
 *(.init)
 .init          0x00000000080013ec        0x4 d:/stm32cubeide_1.7.0/stm32cubeide/plugins/com.st.stm32cube.ide.mcu.externaltools.gnu-tools-for-stm32.9-2020-q2-update.win32_2.0.0.202105311346/tools/bin/../lib/gcc/arm-none-eabi/9.3.1/thumb/v7-m/nofp/crti.o
                0x00000000080013ec                _init
 .init          0x00000000080013f0        0x8 d:/stm32cubeide_1.7.0/stm32cubeide/plugins/com.st.stm32cube.ide.mcu.externaltools.gnu-tools-for-stm32.9-2020-q2-update.win32_2.0.0.202105311346/tools/bin/../lib/gcc/arm-none-eabi/9.3.1/thumb/v7-m/nofp/crtn.o
 *(.fini)
 .fini          0x00000000080013f8        0x4 d:/stm32cubeide_1.7.0/stm32cubeide/plugins/com.st.stm32cube.ide.mcu.externaltools.gnu-tools-for-stm32.9-2020-q2-update.win32_2.0.0.202105311346/tools/bin/../lib/gcc/arm-none-eabi/9.3.1/thumb/v7-m/nofp/crti.o
                0x00000000080013f8                _fini
 .fini          0x00000000080013fc        0x8 d:/stm32cubeide_1.7.0/stm32cubeide/plugins/com.st.stm32cube.ide.mcu.externaltools.gnu-tools-for-stm32.9-2020-q2-update.win32_2.0.0.202105311346/tools/bin/../lib/gcc/arm-none-eabi/9.3.1/thumb/v7-m/nofp/crtn.o
                0x0000000008001404                . = ALIGN (0x4)
                0x0000000008001404                _etext = .

.vfp11_veneer   0x0000000008001404        0x0
 .vfp11_veneer  0x0000000008001404        0x0 linker stubs

.v4_bx          0x0000000008001404        0x0
 .v4_bx         0x0000000008001404        0x0 linker stubs

.iplt           0x0000000008001404        0x0
 .iplt          0x0000000008001404        0x0 d:/stm32cubeide_1.7.0/stm32cubeide/plugins/com.st.stm32cube.ide.mcu.externaltools.gnu-tools-for-stm32.9-2020-q2-update.win32_2.0.0.202105311346/tools/bin/../lib/gcc/arm-none-eabi/9.3.1/thumb/v7-m/nofp/crtbegin.o

.rodata         0x0000000008001404       0x24
                0x0000000008001404                . = ALIGN (0x4)
 *(.rodata)
 *(.rodata*)
 .rodata.AHBPrescTable
                0x0000000008001404       0x10 ./Core/Src/system_stm32f1xx.o
                0x0000000008001404                AHBPrescTable
 .rodata.aPLLMULFactorTable.5504
                0x0000000008001414       0x10 ./Drivers/STM32F1xx_HAL_Driver/Src/stm32f1xx_hal_rcc.o
 .rodata.aPredivFactorTable.5505
                0x0000000008001424        0x2 ./Drivers/STM32F1xx_HAL_Driver/Src/stm32f1xx_hal_rcc.o
                0x0000000008001428                . = ALIGN (0x4)
 *fill*         0x0000000008001426        0x2 

.rel.dyn        0x0000000008001428        0x0
 .rel.iplt      0x0000000008001428        0x0 d:/stm32cubeide_1.7.0/stm32cubeide/plugins/com.st.stm32cube.ide.mcu.externaltools.gnu-tools-for-stm32.9-2020-q2-update.win32_2.0.0.202105311346/tools/bin/../lib/gcc/arm-none-eabi/9.3.1/thumb/v7-m/nofp/crtbegin.o

.ARM.extab      0x0000000008001428        0x0
                0x0000000008001428                . = ALIGN (0x4)
 *(.ARM.extab* .gnu.linkonce.armextab.*)
                0x0000000008001428                . = ALIGN (0x4)

.ARM            0x0000000008001428        0x0
                0x0000000008001428                . = ALIGN (0x4)
                0x0000000008001428                __exidx_start = .
 *(.ARM.exidx*)
                0x0000000008001428                __exidx_end = .
                0x0000000008001428                . = ALIGN (0x4)

.preinit_array  0x0000000008001428        0x0
                0x0000000008001428                . = ALIGN (0x4)
                0x0000000008001428                PROVIDE (__preinit_array_start = .)
 *(.preinit_array*)
                0x0000000008001428                PROVIDE (__preinit_array_end = .)
                0x0000000008001428                . = ALIGN (0x4)

.init_array     0x0000000008001428        0x4
                0x0000000008001428                . = ALIGN (0x4)
                0x0000000008001428                PROVIDE (__init_array_start = .)
 *(SORT_BY_NAME(.init_array.*))
 *(.init_array*)
 .init_array    0x0000000008001428        0x4 d:/stm32cubeide_1.7.0/stm32cubeide/plugins/com.st.stm32cube.ide.mcu.externaltools.gnu-tools-for-stm32.9-2020-q2-update.win32_2.0.0.202105311346/tools/bin/../lib/gcc/arm-none-eabi/9.3.1/thumb/v7-m/nofp/crtbegin.o
                0x000000000800142c                PROVIDE (__init_array_end = .)
                0x000000000800142c                . = ALIGN (0x4)

.fini_array     0x000000000800142c        0x4
                0x000000000800142c                . = ALIGN (0x4)
                [!provide]                        PROVIDE (__fini_array_start = .)
 *(SORT_BY_NAME(.fini_array.*))
 *(.fini_array*)
 .fini_array    0x000000000800142c        0x4 d:/stm32cubeide_1.7.0/stm32cubeide/plugins/com.st.stm32cube.ide.mcu.externaltools.gnu-tools-for-stm32.9-2020-q2-update.win32_2.0.0.202105311346/tools/bin/../lib/gcc/arm-none-eabi/9.3.1/thumb/v7-m/nofp/crtbegin.o
                [!provide]                        PROVIDE (__fini_array_end = .)
                0x0000000008001430                . = ALIGN (0x4)
                0x0000000008001430                _sidata = LOADADDR (.data)

.data           0x0000000020000000       0x10 load address 0x0000000008001430
                0x0000000020000000                . = ALIGN (0x4)
                0x0000000020000000                _sdata = .
 *(.data)
 *(.data*)
 .data.yline_state
                0x0000000020000000        0x4 ./Core/Src/exercise3.o
                0x0000000020000000                yline_state
 .data.SystemCoreClock
                0x0000000020000004        0x4 ./Core/Src/system_stm32f1xx.o
                0x0000000020000004                SystemCoreClock
 .data.uwTickPrio
                0x0000000020000008        0x4 ./Drivers/STM32F1xx_HAL_Driver/Src/stm32f1xx_hal.o
                0x0000000020000008                uwTickPrio
 .data.uwTickFreq
                0x000000002000000c        0x1 ./Drivers/STM32F1xx_HAL_Driver/Src/stm32f1xx_hal.o
                0x000000002000000c                uwTickFreq
 *(.RamFunc)
 *(.RamFunc*)
                0x0000000020000010                . = ALIGN (0x4)
 *fill*         0x000000002000000d        0x3 
                0x0000000020000010                _edata = .

.igot.plt       0x0000000020000010        0x0 load address 0x0000000008001440
 .igot.plt      0x0000000020000010        0x0 d:/stm32cubeide_1.7.0/stm32cubeide/plugins/com.st.stm32cube.ide.mcu.externaltools.gnu-tools-for-stm32.9-2020-q2-update.win32_2.0.0.202105311346/tools/bin/../lib/gcc/arm-none-eabi/9.3.1/thumb/v7-m/nofp/crtbegin.o
                0x0000000020000010                . = ALIGN (0x4)

.bss            0x0000000020000010       0x2c load address 0x0000000008001440
                0x0000000020000010                _sbss = .
                0x0000000020000010                __bss_start__ = _sbss
 *(.bss)
 .bss           0x0000000020000010       0x1c d:/stm32cubeide_1.7.0/stm32cubeide/plugins/com.st.stm32cube.ide.mcu.externaltools.gnu-tools-for-stm32.9-2020-q2-update.win32_2.0.0.202105311346/tools/bin/../lib/gcc/arm-none-eabi/9.3.1/thumb/v7-m/nofp/crtbegin.o
 *(.bss*)
 .bss.xline_state
                0x000000002000002c        0x4 ./Core/Src/exercise3.o
                0x000000002000002c                xline_state
 .bss.xline_count
                0x0000000020000030        0x4 ./Core/Src/exercise3.o
                0x0000000020000030                xline_count
 .bss.yline_count
                0x0000000020000034        0x4 ./Core/Src/exercise3.o
                0x0000000020000034                yline_count
 *(COMMON)
 COMMON         0x0000000020000038        0x4 ./Drivers/STM32F1xx_HAL_Driver/Src/stm32f1xx_hal.o
                0x0000000020000038                uwTick
                0x000000002000003c                . = ALIGN (0x4)
                0x000000002000003c                _ebss = .
                0x000000002000003c                __bss_end__ = _ebss

._user_heap_stack
                0x000000002000003c      0x604 load address 0x0000000008001440
                0x0000000020000040                . = ALIGN (0x8)
 *fill*         0x000000002000003c        0x4 
                [!provide]                        PROVIDE (end = .)
                0x0000000020000040                PROVIDE (_end = .)
                0x0000000020000240                . = (. + _Min_Heap_Size)
 *fill*         0x0000000020000040      0x200 
                0x0000000020000640                . = (. + _Min_Stack_Size)
 *fill*         0x0000000020000240      0x400 
                0x0000000020000640                . = ALIGN (0x8)

/DISCARD/
 libc.a(*)
 libm.a(*)
 libgcc.a(*)

.ARM.attributes
                0x0000000000000000       0x29
 *(.ARM.attributes)
 .ARM.attributes
                0x0000000000000000       0x1d d:/stm32cubeide_1.7.0/stm32cubeide/plugins/com.st.stm32cube.ide.mcu.externaltools.gnu-tools-for-stm32.9-2020-q2-update.win32_2.0.0.202105311346/tools/bin/../lib/gcc/arm-none-eabi/9.3.1/thumb/v7-m/nofp/crti.o
 .ARM.attributes
                0x000000000000001d       0x2d d:/stm32cubeide_1.7.0/stm32cubeide/plugins/com.st.stm32cube.ide.mcu.externaltools.gnu-tools-for-stm32.9-2020-q2-update.win32_2.0.0.202105311346/tools/bin/../lib/gcc/arm-none-eabi/9.3.1/thumb/v7-m/nofp/crtbegin.o
 .ARM.attributes
                0x000000000000004a       0x2d ./Core/Src/exercise3.o
 .ARM.attributes
                0x0000000000000077       0x2d ./Core/Src/main.o
 .ARM.attributes
                0x00000000000000a4       0x2d ./Core/Src/stm32f1xx_hal_msp.o
 .ARM.attributes
                0x00000000000000d1       0x2d ./Core/Src/stm32f1xx_it.o
 .ARM.attributes
                0x00000000000000fe       0x2d ./Core/Src/system_stm32f1xx.o
 .ARM.attributes
                0x000000000000012b       0x21 ./Core/Startup/startup_stm32f103c6tx.o
 .ARM.attributes
                0x000000000000014c       0x2d ./Drivers/STM32F1xx_HAL_Driver/Src/stm32f1xx_hal.o
 .ARM.attributes
                0x0000000000000179       0x2d ./Drivers/STM32F1xx_HAL_Driver/Src/stm32f1xx_hal_cortex.o
 .ARM.attributes
                0x00000000000001a6       0x2d ./Drivers/STM32F1xx_HAL_Driver/Src/stm32f1xx_hal_gpio.o
 .ARM.attributes
                0x00000000000001d3       0x2d ./Drivers/STM32F1xx_HAL_Driver/Src/stm32f1xx_hal_rcc.o
 .ARM.attributes
                0x0000000000000200       0x2d d:/stm32cubeide_1.7.0/stm32cubeide/plugins/com.st.stm32cube.ide.mcu.externaltools.gnu-tools-for-stm32.9-2020-q2-update.win32_2.0.0.202105311346/tools/bin/../lib/gcc/arm-none-eabi/9.3.1/../../../../arm-none-eabi/lib/thumb/v7-m/nofp\libc_nano.a(lib_a-init.o)
 .ARM.attributes
                0x000000000000022d       0x2d d:/stm32cubeide_1.7.0/stm32cubeide/plugins/com.st.stm32cube.ide.mcu.externaltools.gnu-tools-for-stm32.9-2020-q2-update.win32_2.0.0.202105311346/tools/bin/../lib/gcc/arm-none-eabi/9.3.1/../../../../arm-none-eabi/lib/thumb/v7-m/nofp\libc_nano.a(lib_a-memset.o)
 .ARM.attributes
                0x000000000000025a       0x1d d:/stm32cubeide_1.7.0/stm32cubeide/plugins/com.st.stm32cube.ide.mcu.externaltools.gnu-tools-for-stm32.9-2020-q2-update.win32_2.0.0.202105311346/tools/bin/../lib/gcc/arm-none-eabi/9.3.1/thumb/v7-m/nofp/crtn.o
OUTPUT(LAB1.elf elf32-littlearm)
LOAD linker stubs
LOAD d:/stm32cubeide_1.7.0/stm32cubeide/plugins/com.st.stm32cube.ide.mcu.externaltools.gnu-tools-for-stm32.9-2020-q2-update.win32_2.0.0.202105311346/tools/bin/../lib/gcc/arm-none-eabi/9.3.1/../../../../arm-none-eabi/lib/thumb/v7-m/nofp\libc.a
LOAD d:/stm32cubeide_1.7.0/stm32cubeide/plugins/com.st.stm32cube.ide.mcu.externaltools.gnu-tools-for-stm32.9-2020-q2-update.win32_2.0.0.202105311346/tools/bin/../lib/gcc/arm-none-eabi/9.3.1/../../../../arm-none-eabi/lib/thumb/v7-m/nofp\libm.a
LOAD d:/stm32cubeide_1.7.0/stm32cubeide/plugins/com.st.stm32cube.ide.mcu.externaltools.gnu-tools-for-stm32.9-2020-q2-update.win32_2.0.0.202105311346/tools/bin/../lib/gcc/arm-none-eabi/9.3.1/thumb/v7-m/nofp\libgcc.a

.debug_info     0x0000000000000000     0x32bb
 .debug_info    0x0000000000000000      0x2f3 ./Core/Src/exercise3.o
 .debug_info    0x00000000000002f3      0x52c ./Core/Src/main.o
 .debug_info    0x000000000000081f      0x2fc ./Core/Src/stm32f1xx_hal_msp.o
 .debug_info    0x0000000000000b1b      0x222 ./Core/Src/stm32f1xx_it.o
 .debug_info    0x0000000000000d3d      0x2be ./Core/Src/system_stm32f1xx.o
 .debug_info    0x0000000000000ffb       0x22 ./Core/Startup/startup_stm32f103c6tx.o
 .debug_info    0x000000000000101d      0x74c ./Drivers/STM32F1xx_HAL_Driver/Src/stm32f1xx_hal.o
 .debug_info    0x0000000000001769      0xbbe ./Drivers/STM32F1xx_HAL_Driver/Src/stm32f1xx_hal_cortex.o
 .debug_info    0x0000000000002327      0x701 ./Drivers/STM32F1xx_HAL_Driver/Src/stm32f1xx_hal_gpio.o
 .debug_info    0x0000000000002a28      0x893 ./Drivers/STM32F1xx_HAL_Driver/Src/stm32f1xx_hal_rcc.o

.debug_abbrev   0x0000000000000000      0xf77
 .debug_abbrev  0x0000000000000000      0x109 ./Core/Src/exercise3.o
 .debug_abbrev  0x0000000000000109      0x1c4 ./Core/Src/main.o
 .debug_abbrev  0x00000000000002cd      0x11d ./Core/Src/stm32f1xx_hal_msp.o
 .debug_abbrev  0x00000000000003ea       0xd2 ./Core/Src/stm32f1xx_it.o
 .debug_abbrev  0x00000000000004bc      0x14e ./Core/Src/system_stm32f1xx.o
 .debug_abbrev  0x000000000000060a       0x12 ./Core/Startup/startup_stm32f103c6tx.o
 .debug_abbrev  0x000000000000061c      0x1ed ./Drivers/STM32F1xx_HAL_Driver/Src/stm32f1xx_hal.o
 .debug_abbrev  0x0000000000000809      0x313 ./Drivers/STM32F1xx_HAL_Driver/Src/stm32f1xx_hal_cortex.o
 .debug_abbrev  0x0000000000000b1c      0x1e8 ./Drivers/STM32F1xx_HAL_Driver/Src/stm32f1xx_hal_gpio.o
 .debug_abbrev  0x0000000000000d04      0x273 ./Drivers/STM32F1xx_HAL_Driver/Src/stm32f1xx_hal_rcc.o

.debug_aranges  0x0000000000000000      0x420
 .debug_aranges
                0x0000000000000000       0x50 ./Core/Src/exercise3.o
 .debug_aranges
                0x0000000000000050       0x38 ./Core/Src/main.o
 .debug_aranges
                0x0000000000000088       0x20 ./Core/Src/stm32f1xx_hal_msp.o
 .debug_aranges
                0x00000000000000a8       0x60 ./Core/Src/stm32f1xx_it.o
 .debug_aranges
                0x0000000000000108       0x28 ./Core/Src/system_stm32f1xx.o
 .debug_aranges
                0x0000000000000130       0x28 ./Core/Startup/startup_stm32f103c6tx.o
 .debug_aranges
                0x0000000000000158       0xe0 ./Drivers/STM32F1xx_HAL_Driver/Src/stm32f1xx_hal.o
 .debug_aranges
                0x0000000000000238      0x100 ./Drivers/STM32F1xx_HAL_Driver/Src/stm32f1xx_hal_cortex.o
 .debug_aranges
                0x0000000000000338       0x58 ./Drivers/STM32F1xx_HAL_Driver/Src/stm32f1xx_hal_gpio.o
 .debug_aranges
                0x0000000000000390       0x90 ./Drivers/STM32F1xx_HAL_Driver/Src/stm32f1xx_hal_rcc.o

.debug_ranges   0x0000000000000000      0x388
 .debug_ranges  0x0000000000000000       0x40 ./Core/Src/exercise3.o
 .debug_ranges  0x0000000000000040       0x28 ./Core/Src/main.o
 .debug_ranges  0x0000000000000068       0x10 ./Core/Src/stm32f1xx_hal_msp.o
 .debug_ranges  0x0000000000000078       0x50 ./Core/Src/stm32f1xx_it.o
 .debug_ranges  0x00000000000000c8       0x18 ./Core/Src/system_stm32f1xx.o
 .debug_ranges  0x00000000000000e0       0x20 ./Core/Startup/startup_stm32f103c6tx.o
 .debug_ranges  0x0000000000000100       0xd0 ./Drivers/STM32F1xx_HAL_Driver/Src/stm32f1xx_hal.o
 .debug_ranges  0x00000000000001d0       0xf0 ./Drivers/STM32F1xx_HAL_Driver/Src/stm32f1xx_hal_cortex.o
 .debug_ranges  0x00000000000002c0       0x48 ./Drivers/STM32F1xx_HAL_Driver/Src/stm32f1xx_hal_gpio.o
 .debug_ranges  0x0000000000000308       0x80 ./Drivers/STM32F1xx_HAL_Driver/Src/stm32f1xx_hal_rcc.o

.debug_macro    0x0000000000000000    0x15813
 .debug_macro   0x0000000000000000      0x1a0 ./Core/Src/exercise3.o
 .debug_macro   0x00000000000001a0      0xa9c ./Core/Src/exercise3.o
 .debug_macro   0x0000000000000c3c      0x20f ./Core/Src/exercise3.o
 .debug_macro   0x0000000000000e4b       0x2e ./Core/Src/exercise3.o
 .debug_macro   0x0000000000000e79       0x22 ./Core/Src/exercise3.o
 .debug_macro   0x0000000000000e9b       0x22 ./Core/Src/exercise3.o
 .debug_macro   0x0000000000000ebd       0x8e ./Core/Src/exercise3.o
 .debug_macro   0x0000000000000f4b       0x51 ./Core/Src/exercise3.o
 .debug_macro   0x0000000000000f9c      0x103 ./Core/Src/exercise3.o
 .debug_macro   0x000000000000109f       0x6a ./Core/Src/exercise3.o
 .debug_macro   0x0000000000001109      0x1df ./Core/Src/exercise3.o
 .debug_macro   0x00000000000012e8       0x1c ./Core/Src/exercise3.o
 .debug_macro   0x0000000000001304       0x22 ./Core/Src/exercise3.o
 .debug_macro   0x0000000000001326       0xc3 ./Core/Src/exercise3.o
 .debug_macro   0x00000000000013e9      0xd23 ./Core/Src/exercise3.o
 .debug_macro   0x000000000000210c     0xde75 ./Core/Src/exercise3.o
 .debug_macro   0x000000000000ff81       0x6d ./Core/Src/exercise3.o
 .debug_macro   0x000000000000ffee     0x34a2 ./Core/Src/exercise3.o
 .debug_macro   0x0000000000013490      0x174 ./Core/Src/exercise3.o
 .debug_macro   0x0000000000013604       0x5c ./Core/Src/exercise3.o
 .debug_macro   0x0000000000013660      0x5bc ./Core/Src/exercise3.o
 .debug_macro   0x0000000000013c1c      0x1b7 ./Core/Src/exercise3.o
 .debug_macro   0x0000000000013dd3      0x1cb ./Core/Src/exercise3.o
 .debug_macro   0x0000000000013f9e      0x114 ./Core/Src/exercise3.o
 .debug_macro   0x00000000000140b2      0x1b2 ./Core/Src/exercise3.o
 .debug_macro   0x0000000000014264       0x27 ./Core/Src/exercise3.o
 .debug_macro   0x000000000001428b      0x12f ./Core/Src/exercise3.o
 .debug_macro   0x00000000000143ba      0x1bc ./Core/Src/exercise3.o
 .debug_macro   0x0000000000014576       0x34 ./Core/Src/exercise3.o
 .debug_macro   0x00000000000145aa       0x3c ./Core/Src/exercise3.o
 .debug_macro   0x00000000000145e6       0x57 ./Core/Src/exercise3.o
 .debug_macro   0x000000000001463d       0x87 ./Core/Src/exercise3.o
 .debug_macro   0x00000000000146c4      0x183 ./Core/Src/exercise3.o
 .debug_macro   0x0000000000014847      0x140 ./Core/Src/exercise3.o
 .debug_macro   0x0000000000014987       0x69 ./Core/Src/exercise3.o
 .debug_macro   0x00000000000149f0      0x100 ./Core/Src/exercise3.o
 .debug_macro   0x0000000000014af0       0x28 ./Core/Src/exercise3.o
 .debug_macro   0x0000000000014b18      0x1a4 ./Core/Src/main.o
 .debug_macro   0x0000000000014cbc      0x191 ./Core/Src/stm32f1xx_hal_msp.o
 .debug_macro   0x0000000000014e4d      0x19b ./Core/Src/stm32f1xx_it.o
 .debug_macro   0x0000000000014fe8      0x182 ./Core/Src/system_stm32f1xx.o
 .debug_macro   0x000000000001516a      0x1a6 ./Drivers/STM32F1xx_HAL_Driver/Src/stm32f1xx_hal.o
 .debug_macro   0x0000000000015310      0x182 ./Drivers/STM32F1xx_HAL_Driver/Src/stm32f1xx_hal_cortex.o
 .debug_macro   0x0000000000015492      0x1ed ./Drivers/STM32F1xx_HAL_Driver/Src/stm32f1xx_hal_gpio.o
 .debug_macro   0x000000000001567f      0x194 ./Drivers/STM32F1xx_HAL_Driver/Src/stm32f1xx_hal_rcc.o

.debug_line     0x0000000000000000     0x4c3a
 .debug_line    0x0000000000000000      0x75a ./Core/Src/exercise3.o
 .debug_line    0x000000000000075a      0x6de ./Core/Src/main.o
 .debug_line    0x0000000000000e38      0x629 ./Core/Src/stm32f1xx_hal_msp.o
 .debug_line    0x0000000000001461      0x6ea ./Core/Src/stm32f1xx_it.o
 .debug_line    0x0000000000001b4b      0x6a6 ./Core/Src/system_stm32f1xx.o
 .debug_line    0x00000000000021f1       0x86 ./Core/Startup/startup_stm32f103c6tx.o
 .debug_line    0x0000000000002277      0x8d3 ./Drivers/STM32F1xx_HAL_Driver/Src/stm32f1xx_hal.o
 .debug_line    0x0000000000002b4a      0xabb ./Drivers/STM32F1xx_HAL_Driver/Src/stm32f1xx_hal_cortex.o
 .debug_line    0x0000000000003605      0x956 ./Drivers/STM32F1xx_HAL_Driver/Src/stm32f1xx_hal_gpio.o
 .debug_line    0x0000000000003f5b      0xcdf ./Drivers/STM32F1xx_HAL_Driver/Src/stm32f1xx_hal_rcc.o

.debug_str      0x0000000000000000    0x79c54
 .debug_str     0x0000000000000000    0x78b18 ./Core/Src/exercise3.o
                                      0x78e4f (size before relaxing)
 .debug_str     0x0000000000078b18      0x1fc ./Core/Src/main.o
                                      0x78fdc (size before relaxing)
 .debug_str     0x0000000000078d14       0x5a ./Core/Src/stm32f1xx_hal_msp.o
                                      0x78dd4 (size before relaxing)
 .debug_str     0x0000000000078d6e       0xbd ./Core/Src/stm32f1xx_it.o
                                      0x78df1 (size before relaxing)
 .debug_str     0x0000000000078e2b       0x52 ./Core/Src/system_stm32f1xx.o
                                      0x78a20 (size before relaxing)
 .debug_str     0x0000000000078e7d       0x36 ./Core/Startup/startup_stm32f103c6tx.o
                                         0x5d (size before relaxing)
 .debug_str     0x0000000000078eb3      0x52e ./Drivers/STM32F1xx_HAL_Driver/Src/stm32f1xx_hal.o
                                      0x79077 (size before relaxing)
 .debug_str     0x00000000000793e1      0x300 ./Drivers/STM32F1xx_HAL_Driver/Src/stm32f1xx_hal_cortex.o
                                      0x7907f (size before relaxing)
 .debug_str     0x00000000000796e1      0x324 ./Drivers/STM32F1xx_HAL_Driver/Src/stm32f1xx_hal_gpio.o
                                      0x78de4 (size before relaxing)
 .debug_str     0x0000000000079a05      0x24f ./Drivers/STM32F1xx_HAL_Driver/Src/stm32f1xx_hal_rcc.o
                                      0x78e1d (size before relaxing)

.comment        0x0000000000000000       0x53
 .comment       0x0000000000000000       0x53 ./Core/Src/exercise3.o
                                         0x54 (size before relaxing)
 .comment       0x0000000000000053       0x54 ./Core/Src/main.o
 .comment       0x0000000000000053       0x54 ./Core/Src/stm32f1xx_hal_msp.o
 .comment       0x0000000000000053       0x54 ./Core/Src/stm32f1xx_it.o
 .comment       0x0000000000000053       0x54 ./Core/Src/system_stm32f1xx.o
 .comment       0x0000000000000053       0x54 ./Drivers/STM32F1xx_HAL_Driver/Src/stm32f1xx_hal.o
 .comment       0x0000000000000053       0x54 ./Drivers/STM32F1xx_HAL_Driver/Src/stm32f1xx_hal_cortex.o
 .comment       0x0000000000000053       0x54 ./Drivers/STM32F1xx_HAL_Driver/Src/stm32f1xx_hal_gpio.o
 .comment       0x0000000000000053       0x54 ./Drivers/STM32F1xx_HAL_Driver/Src/stm32f1xx_hal_rcc.o

.debug_frame    0x0000000000000000      0xe00
 .debug_frame   0x0000000000000000       0xd4 ./Core/Src/exercise3.o
 .debug_frame   0x00000000000000d4       0x8c ./Core/Src/main.o
 .debug_frame   0x0000000000000160       0x38 ./Core/Src/stm32f1xx_hal_msp.o
 .debug_frame   0x0000000000000198      0x104 ./Core/Src/stm32f1xx_it.o
 .debug_frame   0x000000000000029c       0x58 ./Core/Src/system_stm32f1xx.o
 .debug_frame   0x00000000000002f4      0x334 ./Drivers/STM32F1xx_HAL_Driver/Src/stm32f1xx_hal.o
 .debug_frame   0x0000000000000628      0x428 ./Drivers/STM32F1xx_HAL_Driver/Src/stm32f1xx_hal_cortex.o
 .debug_frame   0x0000000000000a50      0x14c ./Drivers/STM32F1xx_HAL_Driver/Src/stm32f1xx_hal_gpio.o
 .debug_frame   0x0000000000000b9c      0x218 ./Drivers/STM32F1xx_HAL_Driver/Src/stm32f1xx_hal_rcc.o
 .debug_frame   0x0000000000000db4       0x2c d:/stm32cubeide_1.7.0/stm32cubeide/plugins/com.st.stm32cube.ide.mcu.externaltools.gnu-tools-for-stm32.9-2020-q2-update.win32_2.0.0.202105311346/tools/bin/../lib/gcc/arm-none-eabi/9.3.1/../../../../arm-none-eabi/lib/thumb/v7-m/nofp\libc_nano.a(lib_a-init.o)
 .debug_frame   0x0000000000000de0       0x20 d:/stm32cubeide_1.7.0/stm32cubeide/plugins/com.st.stm32cube.ide.mcu.externaltools.gnu-tools-for-stm32.9-2020-q2-update.win32_2.0.0.202105311346/tools/bin/../lib/gcc/arm-none-eabi/9.3.1/../../../../arm-none-eabi/lib/thumb/v7-m/nofp\libc_nano.a(lib_a-memset.o)
